// Jest Snapshot v1, https://goo.gl/fbAQLP

exports[`<Main /> should render the heading 1`] = `
.c0 {
  background-color: #ffffff;
  width: 96vw;
  max-width: 1200px;
  margin: 2vw auto;
  box-shadow: 0 1px 8px rgb(0 0 0 / 8%);
  height: 100%;
  padding: 3rem;
  display: -webkit-box;
  display: -webkit-flex;
  display: -ms-flexbox;
  display: flex;
  -webkit-flex-direction: column;
  -ms-flex-direction: column;
  flex-direction: column;
  border-radius: 8px;
  display: -webkit-box;
  display: -webkit-flex;
  display: -ms-flexbox;
  display: flex;
  -webkit-flex-direction: row;
  -ms-flex-direction: row;
  flex-direction: row;
  -webkit-align-items: flex-start;
  -webkit-box-align: flex-start;
  -ms-flex-align: flex-start;
  align-items: flex-start;
}

.c1 {
  width: 33.33%;
  padding-right: 30px;
}

.c2 {
  width: 66.66%;
  position: -webkit-sticky;
  position: sticky;
  top: 30px;
  display: -webkit-box;
  display: -webkit-flex;
  display: -ms-flexbox;
  display: flex;
}

.c2 > div {
  width: 50%;
  padding: 15px;
  overflow: hidden;
}

.c2 > div pre {
  overflow: hidden;
}

.c3 {
  font-size: 11px;
  border: 1px solid #999;
  padding: 10px;
  line-height: 1.2em;
}

<main
  class="c0"
>
  <div
    class="c1"
  >
    <form
      aria-label="form"
      class="form"
    >
      <h3>
        My form
      </h3>
      <div
        class="fieldset"
      >
        <label
          class="field field-text layout-vertical"
          data-changed="false"
          data-focus="false"
          data-hover="false"
          data-touched="false"
          data-valid="false"
        >
          <div
            class="field-label"
          >
            This needs "foo"
          </div>
          <div
            class="field-control"
          >
            <input
              class="field-input-text"
              name="foo"
              placeholder="Placeholder test"
              type="text"
              value="bar"
            />
          </div>
          <div
            class="field-errors"
          >
            <div
              class="field-error"
            >
              Must start with foo
            </div>
          </div>
        </label>
        <label
          class="field field-text layout-vertical"
          data-changed="false"
          data-focus="false"
          data-hover="false"
          data-touched="false"
          data-valid="true"
        >
          <div
            class="field-label"
          >
            Placeholder text
          </div>
          <div
            class="field-control"
          >
            <input
              class="field-input-text"
              name="placeholder"
              placeholder="Placeholder test"
              type="text"
              value=""
            />
          </div>
        </label>
        <label
          class="field field-color layout-vertical"
          data-changed="false"
          data-focus="false"
          data-hover="false"
          data-touched="false"
          data-valid="true"
        >
          <div
            class="field-label"
          >
            Color
          </div>
          <div
            class="field-control"
          >
            <input
              class="field-input-color"
              name="color"
              type="color"
              value="#ff0000"
            />
          </div>
        </label>
        <label
          class="field field-range layout-vertical"
          data-changed="false"
          data-focus="false"
          data-hover="false"
          data-touched="false"
          data-valid="true"
        >
          <div
            class="field-label"
          >
            Range
          </div>
          <div
            class="field-control"
          >
            <input
              class="field-input-range"
              list="tickmarks-range"
              max="50"
              min="20"
              name="range"
              step="5"
              type="range"
              value="10"
            />
            <datalist
              id="tickmarks-range"
            >
              <option
                label="Option 1"
                value="20"
              />
              <option
                label="Option 2"
                value="30"
              />
              <option
                label="Option 3"
                value="40"
              />
            </datalist>
          </div>
        </label>
        <label
          class="field field-email layout-vertical"
          data-changed="false"
          data-focus="false"
          data-hover="false"
          data-touched="false"
          data-valid="true"
        >
          <div
            class="field-label"
          >
            Email
          </div>
          <div
            class="field-control"
          >
            <input
              class="field-input-email"
              name="email"
              type="email"
              value="aa@bb.cc"
            />
          </div>
        </label>
        <label
          class="field field-number layout-vertical"
          data-changed="false"
          data-focus="false"
          data-hover="false"
          data-touched="false"
          data-valid="true"
        >
          <div
            class="field-label"
          >
            Number
          </div>
          <div
            class="field-control"
          >
            <input
              class="field-input-number"
              name="number"
              type="number"
              value="1"
            />
          </div>
        </label>
        <label
          class="field field-password layout-vertical"
          data-changed="false"
          data-focus="false"
          data-hover="false"
          data-touched="false"
          data-valid="true"
        >
          <div
            class="field-label"
          >
            Password
          </div>
          <div
            class="field-control"
          >
            <input
              class="field-input-password"
              name="password"
              type="password"
              value="123456"
            />
          </div>
        </label>
        <label
          class="field field-tel layout-vertical"
          data-changed="false"
          data-focus="false"
          data-hover="false"
          data-touched="false"
          data-valid="true"
        >
          <div
            class="field-label"
          >
            tel
          </div>
          <div
            class="field-control"
          >
            <input
              class="field-input-tel"
              name="tel"
              type="tel"
              value="111222333"
            />
          </div>
        </label>
        <label
          class="field field-text layout-vertical"
          data-changed="false"
          data-focus="false"
          data-hover="false"
          data-touched="false"
          data-valid="true"
        >
          <div
            class="field-label"
          >
            Text
          </div>
          <div
            class="field-control"
          >
            <input
              class="field-input-text"
              name="text"
              type="text"
              value="my text"
            />
          </div>
        </label>
        <label
          class="field field-time layout-vertical"
          data-changed="false"
          data-focus="false"
          data-hover="false"
          data-touched="false"
          data-valid="true"
        >
          <div
            class="field-label"
          >
            Time
          </div>
          <div
            class="field-control"
          >
            <input
              class="field-input-time"
              name="time"
              type="time"
              value="12:00"
            />
          </div>
        </label>
        <label
          class="field field-url layout-vertical"
          data-changed="false"
          data-focus="false"
          data-hover="false"
          data-touched="false"
          data-valid="true"
        >
          <div
            class="field-label"
          >
            URL
          </div>
          <div
            class="field-control"
          >
            <input
              class="field-input-url"
              name="url"
              type="url"
              value="https://www.google.com"
            />
          </div>
        </label>
        <label
          class="field field-datetime-local layout-vertical"
          data-changed="false"
          data-focus="false"
          data-hover="false"
          data-touched="false"
          data-valid="true"
        >
          <div
            class="field-label"
          >
            Datetime
          </div>
          <div
            class="field-control"
          >
            <input
              class="field-input-datetime-local"
              name="datetime"
              type="datetime-local"
              value="2020-01-01T12:00"
            />
          </div>
        </label>
        <label
          class="field field-hidden layout-vertical"
          data-changed="false"
          data-focus="false"
          data-hover="false"
          data-touched="false"
          data-valid="true"
        >
          <div
            class="field-label"
          >
            Hidden
          </div>
          <div
            class="field-control"
          >
            <input
              class="field-input-hidden"
              name="hidden"
              type="hidden"
              value="9"
            />
          </div>
        </label>
        <label
          class="field field-month layout-vertical"
          data-changed="false"
          data-focus="false"
          data-hover="false"
          data-touched="false"
          data-valid="true"
        >
          <div
            class="field-label"
          >
            Month
          </div>
          <div
            class="field-control"
          >
            <input
              class="field-input-month"
              name="month"
              type="month"
              value="2020-01"
            />
          </div>
        </label>
        <label
          class="field field-search layout-vertical"
          data-changed="false"
          data-focus="false"
          data-hover="false"
          data-touched="false"
          data-valid="true"
        >
          <div
            class="field-label"
          >
            Search
          </div>
          <div
            class="field-control"
          >
            <input
              class="field-input-search"
              name="search"
              type="search"
              value="my search"
            />
          </div>
        </label>
        <label
          class="field field-textarea layout-vertical"
          data-changed="false"
          data-focus="false"
          data-hover="false"
          data-touched="false"
          data-valid="true"
        >
          <div
            class="field-label"
          >
            Textarea
          </div>
          <div
            class="field-control"
          >
            <textarea
              class="field-input-textarea"
              name="textarea"
              rows="4"
            >
              some text
some text
some text
            </textarea>
          </div>
        </label>
        <label
          class="field field-select layout-vertical"
          data-changed="false"
          data-focus="false"
          data-hover="false"
          data-touched="false"
          data-valid="true"
        >
          <div
            class="field-label"
          >
            Select
          </div>
          <div
            class="field-control"
          >
            <div
              class="field-wrapper"
            >
              <select
                class="field-input-select"
                name="select"
              >
                <option
                  value="1"
                >
                  Option 1
                </option>
                <option
                  value="2"
                >
                  Option 2
                </option>
                <option
                  value="3"
                >
                  Option 3
                </option>
              </select>
            </div>
          </div>
        </label>
        <fieldset
          class="field field-radioGroup layout-vertical"
          data-changed="false"
          data-focus="false"
          data-hover="false"
          data-touched="false"
          data-valid="true"
        >
          <legend
            class="field-label"
          >
            Radio Group
          </legend>
          <div
            class="field-control"
          >
            <div
              class="field-wrapper"
            >
              <label
                class="field-option"
              >
                <input
                  name="radioGroup"
                  type="radio"
                  value="1"
                />
                <span
                  class="field-option-label"
                >
                  Option 1
                </span>
              </label>
              <label
                class="field-option"
              >
                <input
                  checked=""
                  name="radioGroup"
                  type="radio"
                  value="2"
                />
                <span
                  class="field-option-label"
                >
                  Option 2
                </span>
              </label>
              <label
                class="field-option"
              >
                <input
                  name="radioGroup"
                  type="radio"
                  value="3"
                />
                <span
                  class="field-option-label"
                >
                  Option 3
                </span>
              </label>
            </div>
          </div>
        </fieldset>
        <fieldset
          class="field field-object layout-vertical"
          data-changed="false"
          data-focus="false"
          data-hover="false"
          data-touched="false"
          data-valid="true"
        >
          <legend
            class="field-label"
          >
            Object
          </legend>
          <div
            class="field-control"
          >
            <div
              class="fieldset"
            >
              <label
                class="field field-text layout-vertical"
                data-changed="false"
                data-focus="false"
                data-hover="false"
                data-touched="false"
                data-valid="true"
              >
                <div
                  class="field-label"
                >
                  Sub 1
                </div>
                <div
                  class="field-control"
                >
                  <input
                    class="field-input-text"
                    name="sub-1"
                    type="text"
                    value="sub 1"
                  />
                </div>
              </label>
              <label
                class="field field-text layout-vertical"
                data-changed="false"
                data-focus="false"
                data-hover="false"
                data-touched="false"
                data-valid="true"
              >
                <div
                  class="field-label"
                >
                  Sub 2
                </div>
                <div
                  class="field-control"
                >
                  <input
                    class="field-input-text"
                    name="sub-2"
                    type="text"
                    value="sub 2"
                  />
                </div>
              </label>
            </div>
          </div>
        </fieldset>
        <label
          class="field field-array layout-vertical"
          data-changed="false"
          data-focus="false"
          data-hover="false"
          data-touched="false"
          data-valid="true"
        >
          <div
            class="field-label"
          >
            Array
          </div>
          <div
            class="field-control"
          >
            <ol>
              <li>
                <div
                  class="fieldset"
                >
                  <label
                    class="field field-text layout-vertical"
                    data-changed="false"
                    data-focus="false"
                    data-hover="false"
                    data-touched="false"
                    data-valid="true"
                  >
                    <div
                      class="field-label"
                    >
                      Sub 1
                    </div>
                    <div
                      class="field-control"
                    >
                      <input
                        class="field-input-text"
                        name="sub1"
                        type="text"
                        value="sub 1"
                      />
                    </div>
                  </label>
                  <label
                    class="field field-text layout-vertical"
                    data-changed="false"
                    data-focus="false"
                    data-hover="false"
                    data-touched="false"
                    data-valid="true"
                  >
                    <div
                      class="field-label"
                    >
                      Sub 2
                    </div>
                    <div
                      class="field-control"
                    >
                      <input
                        class="field-input-text"
                        name="sub2"
                        type="text"
                        value="sub 2"
                      />
                    </div>
                  </label>
                </div>
                <button
                  class="field-remove"
                >
                  Remove
                </button>
              </li>
            </ol>
            <div
              class="fieldset"
            >
              <label
                class="field field-text layout-vertical"
                data-changed="false"
                data-focus="false"
                data-hover="false"
                data-touched="false"
                data-valid="true"
              >
                <div
                  class="field-label"
                >
                  Sub 1
                </div>
                <div
                  class="field-control"
                >
                  <input
                    class="field-input-text"
                    name="sub1"
                    type="text"
                    value="sub 1"
                  />
                </div>
              </label>
              <label
                class="field field-text layout-vertical"
                data-changed="false"
                data-focus="false"
                data-hover="false"
                data-touched="false"
                data-valid="true"
              >
                <div
                  class="field-label"
                >
                  Sub 2
                </div>
                <div
                  class="field-control"
                >
                  <input
                    class="field-input-text"
                    name="sub2"
                    type="text"
                    value="sub 2"
                  />
                </div>
              </label>
              <button>
                Add
              </button>
            </div>
          </div>
        </label>
      </div>
      <button
        type="submit"
      >
        Submit
      </button>
    </form>
  </div>
  <div
    class="c2"
  >
    <div>
      <h3>
        Config
      </h3>
      <div
        class="c3"
      >
        <code>
          <pre>
            {
  "title": "My form",
  "fields": [
    {
      "label": "This needs \\"foo\\"",
      "placeholder": "Placeholder test",
      "name": "foo",
      "type": "text",
      "value": "bar",
      "validate": [
        {
          "type": "string",
          "pattern": "^foo",
          "message": "Must start with foo"
        },
        {
          "type": "string",
          "min": 6
        }
      ]
    },
    {
      "label": "Placeholder text",
      "placeholder": "Placeholder test",
      "name": "placeholder",
      "type": "text",
      "value": ""
    },
    {
      "label": "Color",
      "name": "color",
      "type": "color",
      "value": "#ff0000"
    },
    {
      "label": "Range",
      "name": "range",
      "type": "range",
      "value": "10",
      "min": "20",
      "max": "50",
      "step": "5",
      "options": [
        {
          "value": "20",
          "label": "Option 1"
        },
        {
          "value": "30",
          "label": "Option 2"
        },
        {
          "value": "40",
          "label": "Option 3"
        }
      ]
    },
    {
      "label": "Email",
      "name": "email",
      "type": "email",
      "value": "aa@bb.cc",
      "validate": [
        {
          "type": "string",
          "min": 3,
          "max": 255
        },
        {
          "type": "email"
        }
      ]
    },
    {
      "label": "Number",
      "name": "number",
      "type": "number",
      "value": "1"
    },
    {
      "label": "Password",
      "name": "password",
      "type": "password",
      "value": "123456"
    },
    {
      "label": "tel",
      "name": "tel",
      "type": "tel",
      "value": "111222333"
    },
    {
      "label": "Text",
      "name": "text",
      "type": "text",
      "value": "my text"
    },
    {
      "label": "Time",
      "name": "time",
      "type": "time",
      "value": "12:00"
    },
    {
      "label": "URL",
      "name": "url",
      "type": "url",
      "value": "https://www.google.com"
    },
    {
      "label": "Datetime",
      "name": "datetime",
      "type": "datetime-local",
      "value": "2020-01-01T12:00"
    },
    {
      "label": "Hidden",
      "name": "hidden",
      "type": "hidden",
      "value": "9"
    },
    {
      "label": "Month",
      "name": "month",
      "type": "month",
      "value": "2020-01"
    },
    {
      "label": "Search",
      "name": "search",
      "type": "search",
      "value": "my search"
    },
    {
      "label": "Textarea",
      "name": "textarea",
      "type": "textarea",
      "value": "some text\\nsome text\\nsome text",
      "rows": 4
    },
    {
      "label": "Select",
      "name": "select",
      "type": "select",
      "value": "2",
      "options": [
        {
          "value": "1",
          "label": "Option 1"
        },
        {
          "value": "2",
          "label": "Option 2"
        },
        {
          "value": "3",
          "label": "Option 3"
        }
      ]
    },
    {
      "label": "Radio Group",
      "name": "radioGroup",
      "type": "radioGroup",
      "value": "2",
      "options": [
        {
          "value": "1",
          "label": "Option 1"
        },
        {
          "value": "2",
          "label": "Option 2"
        },
        {
          "value": "3",
          "label": "Option 3"
        }
      ]
    },
    {
      "label": "Object",
      "name": "object",
      "type": "object",
      "value": {},
      "fields": [
        {
          "name": "sub-1",
          "label": "Sub 1",
          "value": "sub 1"
        },
        {
          "name": "sub-2",
          "label": "Sub 2",
          "value": "sub 2"
        }
      ]
    },
    {
      "label": "Array",
      "name": "array",
      "type": "array",
      "value": [
        {
          "sub1": "sub 1",
          "sub2": "sub 2"
        }
      ],
      "fields": [
        {
          "name": "sub1",
          "label": "Sub 1",
          "value": "sub 1"
        },
        {
          "name": "sub2",
          "label": "Sub 2",
          "value": "sub 2"
        }
      ]
    }
  ]
}
          </pre>
        </code>
      </div>
    </div>
    <div>
      <h3>
        Data
      </h3>
      <div
        class="c3"
      >
        <code>
          <pre>
            {
  "foo": "bar",
  "placeholder": "",
  "color": "#ff0000",
  "range": "10",
  "email": "aa@bb.cc",
  "number": "1",
  "password": "123456",
  "tel": "111222333",
  "text": "my text",
  "time": "12:00",
  "url": "https://www.google.com",
  "datetime": "2020-01-01T12:00",
  "hidden": "9",
  "month": "2020-01",
  "search": "my search",
  "textarea": "some text\\nsome text\\nsome text",
  "select": "2",
  "radioGroup": "2",
  "object": {
    "sub-1": "sub 1",
    "sub-2": "sub 2"
  },
  "array": [
    {
      "sub1": "sub 1",
      "sub2": "sub 2"
    }
  ]
}
          </pre>
        </code>
      </div>
      <h3>
        Meta
      </h3>
      <div
        class="c3"
      >
        <code>
          <pre>
            {
  "changed": false,
  "touched": false,
  "valid": false,
  "fields": {
    "foo": {
      "value": "bar",
      "changed": false,
      "touched": false,
      "valid": false
    },
    "placeholder": {
      "value": "",
      "changed": false,
      "touched": false,
      "valid": true
    },
    "color": {
      "value": "#ff0000",
      "changed": false,
      "touched": false,
      "valid": true
    },
    "range": {
      "value": "10",
      "changed": false,
      "touched": false,
      "valid": true
    },
    "email": {
      "value": "aa@bb.cc",
      "changed": false,
      "touched": false,
      "valid": true
    },
    "number": {
      "value": "1",
      "changed": false,
      "touched": false,
      "valid": true
    },
    "password": {
      "value": "123456",
      "changed": false,
      "touched": false,
      "valid": true
    },
    "tel": {
      "value": "111222333",
      "changed": false,
      "touched": false,
      "valid": true
    },
    "text": {
      "value": "my text",
      "changed": false,
      "touched": false,
      "valid": true
    },
    "time": {
      "value": "12:00",
      "changed": false,
      "touched": false,
      "valid": true
    },
    "url": {
      "value": "https://www.google.com",
      "changed": false,
      "touched": false,
      "valid": true
    },
    "datetime": {
      "value": "2020-01-01T12:00",
      "changed": false,
      "touched": false,
      "valid": true
    },
    "hidden": {
      "value": "9",
      "changed": false,
      "touched": false,
      "valid": true
    },
    "month": {
      "value": "2020-01",
      "changed": false,
      "touched": false,
      "valid": true
    },
    "search": {
      "value": "my search",
      "changed": false,
      "touched": false,
      "valid": true
    },
    "textarea": {
      "value": "some text\\nsome text\\nsome text",
      "changed": false,
      "touched": false,
      "valid": true
    },
    "select": {
      "value": "2",
      "changed": false,
      "touched": false,
      "valid": true
    },
    "radioGroup": {
      "value": "2",
      "changed": false,
      "touched": false,
      "valid": true
    },
    "object": {
      "value": {
        "sub-1": "sub 1",
        "sub-2": "sub 2"
      },
      "changed": false,
      "touched": false,
      "valid": true
    },
    "array": {
      "value": [
        {
          "sub1": "sub 1",
          "sub2": "sub 2"
        }
      ],
      "changed": false,
      "touched": false,
      "valid": true
    }
  }
}
          </pre>
        </code>
      </div>
    </div>
  </div>
</main>
`
